warning: unused import: `std::num::IntErrorKind`
 --> src/hvx.rs:3:5
  |
3 | use std::num::IntErrorKind;
  |     ^^^^^^^^^^^^^^^^^^^^^^
  |
  = note: `#[warn(unused_imports)]` on by default

warning: unused import: `std::num::ParseIntError`
 --> src/hvx.rs:4:5
  |
4 | use std::num::ParseIntError;
  |     ^^^^^^^^^^^^^^^^^^^^^^^

warning: unused imports: `AstSize`, `EClass`, `ENodeOrVar`, `Extractor`, `Pattern`, `RecExpr`
 --> src/enumo/scheduler.rs:3:11
  |
3 | use egg::{AstSize, EClass, ENodeOrVar, Extractor, Pattern, RecExpr, Rewrite, Runner};
  |           ^^^^^^^  ^^^^^^  ^^^^^^^^^^  ^^^^^^^^^  ^^^^^^^  ^^^^^^^

warning: unused import: `num::traits::ConstZero`
 --> src/hvx.rs:8:5
  |
8 | use num::traits::ConstZero;
  |     ^^^^^^^^^^^^^^^^^^^^^^

warning: unused variable: `err`
   --> src/bv.rs:125:17
    |
125 |             Err(err) => {}
    |                 ^^^ help: if this is intentional, prefix it with an underscore: `_err`
    |
    = note: `#[warn(unused_variables)]` on by default

warning: unused variable: `iter_cnt`
   --> src/enumo/ruleset.rs:446:13
    |
446 |         let iter_cnt = 1;
    |             ^^^^^^^^ help: if this is intentional, prefix it with an underscore: `_iter_cnt`

warning: variable does not need to be mutable
   --> src/hvx.rs:180:13
    |
180 |         let mut array: [BV128; 8] = [bv128; 8];
    |             ----^^^^^
    |             |
    |             help: remove this `mut`
    |
    = note: `#[warn(unused_mut)]` on by default

warning: `ruler` (lib) generated 7 warnings
warning: unused import: `get_stderr`
 --> src/bin/misaal_gen_test.rs:3:18
  |
3 | use cli_runner::{get_stderr, get_stdout, run};
  |                  ^^^^^^^^^^
  |
  = note: `#[warn(unused_imports)]` on by default

warning: unused import: `Zero`
 --> src/bin/misaal_gen_test.rs:4:24
  |
4 | use num::{ToPrimitive, Zero};
  |                        ^^^^

warning: unused import: `rand::distributions::Alphanumeric`
 --> src/bin/misaal_gen_test.rs:5:5
  |
5 | use rand::distributions::Alphanumeric;
  |     ^^^^^^^^^^^^^^^^^^^^^^^^^^^^^^^^^

warning: unused imports: `Rng`, `thread_rng`
 --> src/bin/misaal_gen_test.rs:6:12
  |
6 | use rand::{thread_rng, Rng};
  |            ^^^^^^^^^^  ^^^

warning: unused import: `rayon::vec`
 --> src/bin/misaal_gen_test.rs:7:5
  |
7 | use rayon::vec;
  |     ^^^^^^^^^^

warning: unused import: `std::char`
 --> src/bin/misaal_gen_test.rs:9:5
  |
9 | use std::char;
  |     ^^^^^^^^^

warning: unused import: `std::fs::File`
  --> src/bin/misaal_gen_test.rs:11:5
   |
11 | use std::fs::File;
   |     ^^^^^^^^^^^^^

warning: unused import: `std::iter`
  --> src/bin/misaal_gen_test.rs:14:5
   |
14 | use std::iter;
   |     ^^^^^^^^^

warning: unused imports: `Duration`, `Instant`
  --> src/bin/misaal_gen_test.rs:17:17
   |
17 | use std::time::{Duration, Instant};
   |                 ^^^^^^^^  ^^^^^^^

warning: unused import: `env_logger::filter`
  --> src/bin/misaal_gen_test.rs:19:5
   |
19 | use env_logger::filter;
   |     ^^^^^^^^^^^^^^^^^^

warning: unused imports: `Filter`, `logger`, `recursive_rules`
  --> src/bin/misaal_gen_test.rs:21:13
   |
21 |     enumo::{Filter, Metric, Ruleset, Workload},
   |             ^^^^^^
22 |     logger,
   |     ^^^^^^
23 |     recipe_utils::{base_lang, iter_metric, recursive_rules, run_workload, Lang},
   |                                            ^^^^^^^^^^^^^^^

warning: variant `Typed_cast_int` should have an upper camel case name
  --> src/bin/misaal_gen_test.rs:33:28
   |
33 |         "typed:cast-int" = Typed_cast_int(Id),
   |                            ^^^^^^^^^^^^^^ help: convert the identifier to upper camel case: `TypedCastInt`
   |
   = note: `#[warn(non_camel_case_types)]` on by default

warning: variant `Typed_cast_uint` should have an upper camel case name
  --> src/bin/misaal_gen_test.rs:34:29
   |
34 |         "typed:cast-uint" = Typed_cast_uint(Id),
   |                             ^^^^^^^^^^^^^^^ help: convert the identifier to upper camel case: `TypedCastUint`

warning: variant `Typed_vec_bwnot` should have an upper camel case name
  --> src/bin/misaal_gen_test.rs:35:29
   |
35 |         "typed:vec-bwnot" = Typed_vec_bwnot(Id),
   |                             ^^^^^^^^^^^^^^^ help: convert the identifier to upper camel case: `TypedVecBwnot`

warning: variant `Typed_signed_vec_mod` should have an upper camel case name
  --> src/bin/misaal_gen_test.rs:36:34
   |
36 |         "typed:signed-vec-mod" = Typed_signed_vec_mod([Id;(2)]),
   |                                  ^^^^^^^^^^^^^^^^^^^^ help: convert the identifier to upper camel case: `TypedSignedVecMod`

warning: variant `Typed_signed_vec_min` should have an upper camel case name
  --> src/bin/misaal_gen_test.rs:37:34
   |
37 |         "typed:signed-vec-min" = Typed_signed_vec_min([Id;(2)]),
   |                                  ^^^^^^^^^^^^^^^^^^^^ help: convert the identifier to upper camel case: `TypedSignedVecMin`

warning: variant `Typed_vec_shl` should have an upper camel case name
  --> src/bin/misaal_gen_test.rs:38:27
   |
38 |         "typed:vec-shl" = Typed_vec_shl([Id;(2)]),
   |                           ^^^^^^^^^^^^^ help: convert the identifier to upper camel case: `TypedVecShl`

warning: variant `Typed_unsigned_vec_sat_sub` should have an upper camel case name
  --> src/bin/misaal_gen_test.rs:39:40
   |
39 |         "typed:unsigned-vec-sat-sub" = Typed_unsigned_vec_sat_sub([Id;(2)]),
   |                                        ^^^^^^^^^^^^^^^^^^^^^^^^^^ help: convert the identifier to upper camel case: `TypedUnsignedVecSatSub`

warning: variant `Typed_unsigned_vec_max` should have an upper camel case name
  --> src/bin/misaal_gen_test.rs:40:36
   |
40 |         "typed:unsigned-vec-max" = Typed_unsigned_vec_max([Id;(2)]),
   |                                    ^^^^^^^^^^^^^^^^^^^^^^ help: convert the identifier to upper camel case: `TypedUnsignedVecMax`

warning: variant `Typed_signed_vec_max` should have an upper camel case name
  --> src/bin/misaal_gen_test.rs:41:34
   |
41 |         "typed:signed-vec-max" = Typed_signed_vec_max([Id;(2)]),
   |                                  ^^^^^^^^^^^^^^^^^^^^ help: convert the identifier to upper camel case: `TypedSignedVecMax`

warning: variant `Typed_unsigned_vec_mod` should have an upper camel case name
  --> src/bin/misaal_gen_test.rs:42:36
   |
42 |         "typed:unsigned-vec-mod" = Typed_unsigned_vec_mod([Id;(2)]),
   |                                    ^^^^^^^^^^^^^^^^^^^^^^ help: convert the identifier to upper camel case: `TypedUnsignedVecMod`

warning: variant `Typed_unsigned_vec_sat_add` should have an upper camel case name
  --> src/bin/misaal_gen_test.rs:43:40
   |
43 |         "typed:unsigned-vec-sat-add" = Typed_unsigned_vec_sat_add([Id;(2)]),
   |                                        ^^^^^^^^^^^^^^^^^^^^^^^^^^ help: convert the identifier to upper camel case: `TypedUnsignedVecSatAdd`

warning: variant `Typed_signed_vec_shr` should have an upper camel case name
  --> src/bin/misaal_gen_test.rs:44:34
   |
44 |         "typed:signed-vec-shr" = Typed_signed_vec_shr([Id;(2)]),
   |                                  ^^^^^^^^^^^^^^^^^^^^ help: convert the identifier to upper camel case: `TypedSignedVecShr`

warning: variant `Typed_unsigned_vec_min` should have an upper camel case name
  --> src/bin/misaal_gen_test.rs:45:36
   |
45 |         "typed:unsigned-vec-min" = Typed_unsigned_vec_min([Id;(2)]),
   |                                    ^^^^^^^^^^^^^^^^^^^^^^ help: convert the identifier to upper camel case: `TypedUnsignedVecMin`

warning: variant `Typed_vec_bwand` should have an upper camel case name
  --> src/bin/misaal_gen_test.rs:46:29
   |
46 |         "typed:vec-bwand" = Typed_vec_bwand([Id;(2)]),
   |                             ^^^^^^^^^^^^^^^ help: convert the identifier to upper camel case: `TypedVecBwand`

warning: variant `Typed_unsigned_vec_div` should have an upper camel case name
  --> src/bin/misaal_gen_test.rs:48:36
   |
48 |         "typed:unsigned-vec-div" = Typed_unsigned_vec_div([Id;(2)]),
   |                                    ^^^^^^^^^^^^^^^^^^^^^^ help: convert the identifier to upper camel case: `TypedUnsignedVecDiv`

warning: variant `Typed_unsigned_vec_shr` should have an upper camel case name
  --> src/bin/misaal_gen_test.rs:49:36
   |
49 |         "typed:unsigned-vec-shr" = Typed_unsigned_vec_shr([Id;(2)]),
   |                                    ^^^^^^^^^^^^^^^^^^^^^^ help: convert the identifier to upper camel case: `TypedUnsignedVecShr`

warning: unused import: `z3::ast::Ast`
  --> src/bin/misaal_gen_test.rs:15:5
   |
15 | use z3::ast::Ast;
   |     ^^^^^^^^^^^^

warning: unused variable: `c`
   --> src/bin/misaal_gen_test.rs:113:29
    |
113 |             MISAALLang::Lit(c) => vec![],
    |                             ^ help: if this is intentional, prefix it with an underscore: `_c`
    |
    = note: `#[warn(unused_variables)]` on by default

warning: unused variable: `a`
   --> src/bin/misaal_gen_test.rs:114:46
    |
114 |             MISAALLang::HexagonV6Vasrhv128b([a, b]) => vec![],
    |                                              ^ help: if this is intentional, prefix it with an underscore: `_a`

warning: unused variable: `b`
   --> src/bin/misaal_gen_test.rs:114:49
    |
114 |             MISAALLang::HexagonV6Vasrhv128b([a, b]) => vec![],
    |                                                 ^ help: if this is intentional, prefix it with an underscore: `_b`

warning: unused variable: `a`
   --> src/bin/misaal_gen_test.rs:115:40
    |
115 |             MISAALLang::Typed_cast_int(a) => vec![],
    |                                        ^ help: if this is intentional, prefix it with an underscore: `_a`

warning: unused variable: `a`
   --> src/bin/misaal_gen_test.rs:116:41
    |
116 |             MISAALLang::Typed_cast_uint(a) => vec![],
    |                                         ^ help: if this is intentional, prefix it with an underscore: `_a`

warning: unused variable: `a`
   --> src/bin/misaal_gen_test.rs:117:41
    |
117 |             MISAALLang::Typed_vec_bwnot(a) => vec![],
    |                                         ^ help: if this is intentional, prefix it with an underscore: `_a`

warning: unused variable: `a`
   --> src/bin/misaal_gen_test.rs:118:47
    |
118 |             MISAALLang::Typed_signed_vec_mod([a, b]) => vec![],
    |                                               ^ help: if this is intentional, prefix it with an underscore: `_a`

warning: unused variable: `b`
   --> src/bin/misaal_gen_test.rs:118:50
    |
118 |             MISAALLang::Typed_signed_vec_mod([a, b]) => vec![],
    |                                                  ^ help: if this is intentional, prefix it with an underscore: `_b`

warning: unused variable: `a`
   --> src/bin/misaal_gen_test.rs:119:47
    |
119 |             MISAALLang::Typed_signed_vec_min([a, b]) => vec![],
    |                                               ^ help: if this is intentional, prefix it with an underscore: `_a`

warning: unused variable: `b`
   --> src/bin/misaal_gen_test.rs:119:50
    |
119 |             MISAALLang::Typed_signed_vec_min([a, b]) => vec![],
    |                                                  ^ help: if this is intentional, prefix it with an underscore: `_b`

warning: unused variable: `a`
   --> src/bin/misaal_gen_test.rs:120:40
    |
120 |             MISAALLang::Typed_vec_shl([a, b]) => vec![],
    |                                        ^ help: if this is intentional, prefix it with an underscore: `_a`

warning: unused variable: `b`
   --> src/bin/misaal_gen_test.rs:120:43
    |
120 |             MISAALLang::Typed_vec_shl([a, b]) => vec![],
    |                                           ^ help: if this is intentional, prefix it with an underscore: `_b`

warning: unused variable: `a`
   --> src/bin/misaal_gen_test.rs:121:53
    |
121 |             MISAALLang::Typed_unsigned_vec_sat_sub([a, b]) => vec![],
    |                                                     ^ help: if this is intentional, prefix it with an underscore: `_a`

warning: unused variable: `b`
   --> src/bin/misaal_gen_test.rs:121:56
    |
121 |             MISAALLang::Typed_unsigned_vec_sat_sub([a, b]) => vec![],
    |                                                        ^ help: if this is intentional, prefix it with an underscore: `_b`

warning: unused variable: `a`
   --> src/bin/misaal_gen_test.rs:122:49
    |
122 |             MISAALLang::Typed_unsigned_vec_max([a, b]) => vec![],
    |                                                 ^ help: if this is intentional, prefix it with an underscore: `_a`

warning: unused variable: `b`
   --> src/bin/misaal_gen_test.rs:122:52
    |
122 |             MISAALLang::Typed_unsigned_vec_max([a, b]) => vec![],
    |                                                    ^ help: if this is intentional, prefix it with an underscore: `_b`

warning: unused variable: `a`
   --> src/bin/misaal_gen_test.rs:123:47
    |
123 |             MISAALLang::Typed_signed_vec_max([a, b]) => vec![],
    |                                               ^ help: if this is intentional, prefix it with an underscore: `_a`

warning: unused variable: `b`
   --> src/bin/misaal_gen_test.rs:123:50
    |
123 |             MISAALLang::Typed_signed_vec_max([a, b]) => vec![],
    |                                                  ^ help: if this is intentional, prefix it with an underscore: `_b`

warning: unused variable: `a`
   --> src/bin/misaal_gen_test.rs:124:49
    |
124 |             MISAALLang::Typed_unsigned_vec_mod([a, b]) => vec![],
    |                                                 ^ help: if this is intentional, prefix it with an underscore: `_a`

warning: unused variable: `b`
   --> src/bin/misaal_gen_test.rs:124:52
    |
124 |             MISAALLang::Typed_unsigned_vec_mod([a, b]) => vec![],
    |                                                    ^ help: if this is intentional, prefix it with an underscore: `_b`

warning: unused variable: `a`
   --> src/bin/misaal_gen_test.rs:125:53
    |
125 |             MISAALLang::Typed_unsigned_vec_sat_add([a, b]) => vec![],
    |                                                     ^ help: if this is intentional, prefix it with an underscore: `_a`

warning: unused variable: `b`
   --> src/bin/misaal_gen_test.rs:125:56
    |
125 |             MISAALLang::Typed_unsigned_vec_sat_add([a, b]) => vec![],
    |                                                        ^ help: if this is intentional, prefix it with an underscore: `_b`

warning: unused variable: `a`
   --> src/bin/misaal_gen_test.rs:126:47
    |
126 |             MISAALLang::Typed_signed_vec_shr([a, b]) => vec![],
    |                                               ^ help: if this is intentional, prefix it with an underscore: `_a`

warning: unused variable: `b`
   --> src/bin/misaal_gen_test.rs:126:50
    |
126 |             MISAALLang::Typed_signed_vec_shr([a, b]) => vec![],
    |                                                  ^ help: if this is intentional, prefix it with an underscore: `_b`

warning: unused variable: `a`
   --> src/bin/misaal_gen_test.rs:127:49
    |
127 |             MISAALLang::Typed_unsigned_vec_min([a, b]) => vec![],
    |                                                 ^ help: if this is intentional, prefix it with an underscore: `_a`

warning: unused variable: `b`
   --> src/bin/misaal_gen_test.rs:127:52
    |
127 |             MISAALLang::Typed_unsigned_vec_min([a, b]) => vec![],
    |                                                    ^ help: if this is intentional, prefix it with an underscore: `_b`

warning: unused variable: `a`
   --> src/bin/misaal_gen_test.rs:128:42
    |
128 |             MISAALLang::Typed_vec_bwand([a, b]) => vec![],
    |                                          ^ help: if this is intentional, prefix it with an underscore: `_a`

warning: unused variable: `b`
   --> src/bin/misaal_gen_test.rs:128:45
    |
128 |             MISAALLang::Typed_vec_bwand([a, b]) => vec![],
    |                                             ^ help: if this is intentional, prefix it with an underscore: `_b`

warning: unused variable: `a`
   --> src/bin/misaal_gen_test.rs:129:46
    |
129 |             MISAALLang::HexagonV6Vlsrwv128b([a, b]) => vec![],
    |                                              ^ help: if this is intentional, prefix it with an underscore: `_a`

warning: unused variable: `b`
   --> src/bin/misaal_gen_test.rs:129:49
    |
129 |             MISAALLang::HexagonV6Vlsrwv128b([a, b]) => vec![],
    |                                                 ^ help: if this is intentional, prefix it with an underscore: `_b`

warning: unused variable: `a`
   --> src/bin/misaal_gen_test.rs:130:49
    |
130 |             MISAALLang::Typed_unsigned_vec_div([a, b]) => vec![],
    |                                                 ^ help: if this is intentional, prefix it with an underscore: `_a`

warning: unused variable: `b`
   --> src/bin/misaal_gen_test.rs:130:52
    |
130 |             MISAALLang::Typed_unsigned_vec_div([a, b]) => vec![],
    |                                                    ^ help: if this is intentional, prefix it with an underscore: `_b`

warning: unused variable: `a`
   --> src/bin/misaal_gen_test.rs:131:49
    |
131 |             MISAALLang::Typed_unsigned_vec_shr([a, b]) => vec![],
    |                                                 ^ help: if this is intentional, prefix it with an underscore: `_a`

warning: unused variable: `b`
   --> src/bin/misaal_gen_test.rs:131:52
    |
131 |             MISAALLang::Typed_unsigned_vec_shr([a, b]) => vec![],
    |                                                    ^ help: if this is intentional, prefix it with an underscore: `_b`

warning: unused variable: `cvec_len`
   --> src/bin/misaal_gen_test.rs:108:30
    |
108 |     fn eval<'a, F>(&'a self, cvec_len: usize, mut get_cvec: F) -> CVec<Self>
    |                              ^^^^^^^^ help: if this is intentional, prefix it with an underscore: `_cvec_len`

warning: unused variable: `get_cvec`
   --> src/bin/misaal_gen_test.rs:108:51
    |
108 |     fn eval<'a, F>(&'a self, cvec_len: usize, mut get_cvec: F) -> CVec<Self>
    |                                                   ^^^^^^^^ help: if this is intentional, prefix it with an underscore: `_get_cvec`

warning: variable does not need to be mutable
   --> src/bin/misaal_gen_test.rs:108:47
    |
108 |     fn eval<'a, F>(&'a self, cvec_len: usize, mut get_cvec: F) -> CVec<Self>
    |                                               ----^^^^^^^^
    |                                               |
    |                                               help: remove this `mut`
    |
    = note: `#[warn(unused_mut)]` on by default

warning: unused `Result` that must be used
   --> src/bin/misaal_gen_test.rs:222:13
    |
222 |             data_file.write("\n\n\n".as_bytes());
    |             ^^^^^^^^^^^^^^^^^^^^^^^^^^^^^^^^^^^^^
    |
    = note: this `Result` may be an `Err` variant, which should be handled
    = note: `#[warn(unused_must_use)]` on by default

warning: unused `Result` that must be used
   --> src/bin/misaal_gen_test.rs:228:13
    |
228 |             data_file.write("\n\n\n".as_bytes());
    |             ^^^^^^^^^^^^^^^^^^^^^^^^^^^^^^^^^^^^^
    |
    = note: this `Result` may be an `Err` variant, which should be handled

warning: `ruler` (bin "misaal_gen_test") generated 67 warnings
    Finished release [optimized] target(s) in 0.70s
     Running `target/release/misaal_gen_test`
Learned 1 bidirectional rewrites (1 total rewrites) in 49.492381338 using 0 prior rewrites
(typed:unsigned-vec-shr ?b ?a) ==> (hexagon_V6_vlsrwv_128B ?a ?b)
---- RULES for RELEVANCE SET 34 ----
(typed:unsigned-vec-shr ?b ?a) ==> (hexagon_V6_vlsrwv_128B ?a ?b)
------------------------------------
49.21user 94.17system 0:50.80elapsed 282%CPU (0avgtext+0avgdata 8514860maxresident)k
0inputs+1552outputs (33major+3722968minor)pagefaults 0swaps
